// Jest Snapshot v1, https://goo.gl/fbAQLP

exports[`Hint.vue WHEN Hint is mounted, THEN matches snapshot with test text. 1`] = `
<div
  class="ocr-hint"
>
  <span
    class="icon icon-details"
  />
   
  <span>
    Test Hint.
  </span>
</div>
`;
